[*] fake Flax server listening on UDP 127.0.0.1:7777 (tick=0.5s)
[53172] CONNECT connect_id=0xef69a093
[53173] CONNECT connect_id=0x1c769a48
[53173] PacketRegistry warning: unknown id 0xf3 len=21
[53173] PacketRegistry warning: unknown id 0xa5 len=144
[53173] PacketRegistry warning: unknown id 0x1f len=107
[53173] PacketRegistry warning: unknown id 0xc4 len=139
[53173] PacketRegistry warning: unknown id 0xb4 len=242
[53173] PacketRegistry warning: unknown id 0x13 len=248
[53173] PacketRegistry warning: unknown id 0x21 len=114
[53173] PacketRegistry warning: unknown id 0x3c len=62
[53173] PacketRegistry warning: unknown id 0x19 len=49
[53173] PacketRegistry warning: unknown id 0x3b len=232
[53173] PacketRegistry warning: unknown id 0x24 len=234
[53173] PacketRegistry warning: unknown id 0xbc len=188
[53173] PacketRegistry warning: unknown id 0x1c len=155
[53173] PacketRegistry warning: unknown id 0xca len=46
[53173] PacketRegistry warning: unknown id 0x2b len=71
[53173] PacketRegistry warning: unknown id 0x35 len=17
[53173] PacketRegistry warning: unknown id 0x7 len=46
[53173] PacketRegistry warning: unknown id 0xcd len=195
[53173] PacketRegistry warning: unknown id 0x57 len=11
[53173] PacketRegistry warning: unknown id 0xa3 len=168
[53173] PacketRegistry warning: unknown id 0xcb len=48
[53173] PacketRegistry warning: unknown id 0xc3 len=132
[53173] PacketRegistry warning: unknown id 0xcc len=249
[53173] PacketRegistry warning: unknown id 0x12 len=144
[53173] PacketRegistry warning: unknown id 0xe8 len=204
[53173] PacketRegistry warning: unknown id 0x1a len=200
[53173] PacketRegistry warning: unknown id 0x15 len=114
[53173] PacketRegistry warning: unknown id 0x8b len=28
[53173] PacketRegistry warning: unknown id 0xd2 len=150
[53173] PacketRegistry warning: unknown id 0x2a len=5
[53173] PacketRegistry warning: unknown id 0x96 len=20
[53173] PacketRegistry warning: unknown id 0x85 len=4
[53173] PacketRegistry warning: unknown id 0x5b len=98
[53173] PacketRegistry warning: unknown id 0x67 len=43
[53173] PacketRegistry warning: unknown id 0x16 len=219
[53173] PacketRegistry warning: unknown id 0x3e len=235
[53173] PacketRegistry warning: unknown id 0x47 len=254
[53173] PacketRegistry warning: unknown id 0x65 len=30
[53173] PacketRegistry warning: unknown id 0xa len=194
[53173] PacketRegistry warning: unknown id 0xd len=239
[53173] PacketRegistry warning: unknown id 0xda len=250
[53173] PacketRegistry warning: unknown id 0xc5 len=77
[53173] PacketRegistry warning: unknown id 0x72 len=226
[53173] PacketRegistry warning: unknown id 0x69 len=18
[53173] PacketRegistry warning: unknown id 0x6a len=33
[53173] PacketRegistry warning: unknown id 0x32 len=51
[53173] PacketRegistry warning: unknown id 0x6e len=107
[53173] PacketRegistry warning: unknown id 0x8a len=126
[53173] PacketRegistry warning: unknown id 0xc len=26
[53173] PacketRegistry warning: unknown id 0xac len=111
[53173] PacketRegistry warning: unknown id 0x6c len=102
[53173] PacketRegistry warning: unknown id 0xa2 len=98
[53173] PacketRegistry warning: unknown id 0x52 len=138
[53173] PacketRegistry warning: unknown id 0x66 len=68
[53173] PacketRegistry warning: unknown id 0xf3 len=230
[53173] PacketRegistry warning: unknown id 0xf2 len=143
[53173] PacketRegistry warning: unknown id 0xba len=205
[53173] PacketRegistry warning: unknown id 0x0 len=239
[53173] PacketRegistry warning: unknown id 0x3d len=216
[53173] PacketRegistry warning: unknown id 0x8b len=176
[53173] PacketRegistry warning: unknown id 0x2b len=52
[53173] PacketRegistry warning: unknown id 0x39 len=38
[53173] PacketRegistry warning: unknown id 0x35 len=213
[53173] PacketRegistry warning: unknown id 0x4d len=175
[53173] PacketRegistry warning: unknown id 0xb3 len=80
[53173] PacketRegistry warning: unknown id 0xb2 len=190
[53173] PacketRegistry warning: unknown id 0x7b len=111
[53173] PacketRegistry warning: unknown id 0x96 len=101
[53173] PacketRegistry warning: unknown id 0xc6 len=245
[53173] PacketRegistry warning: unknown id 0x1c len=162
[53173] PacketRegistry warning: unknown id 0xa6 len=134
[53173] PacketRegistry warning: unknown id 0x43 len=110
[53173] PacketRegistry warning: unknown id 0x33 len=105
[53173] PacketRegistry warning: unknown id 0x2c len=192
[53173] PacketRegistry warning: unknown id 0xe0 len=43
[53173] PacketRegistry warning: unknown id 0x34 len=158
[53173] PacketRegistry warning: unknown id 0x7 len=143
[53173] PacketRegistry warning: unknown id 0x38 len=248
[53173] PacketRegistry warning: unknown id 0xbe len=233
[53173] PacketRegistry warning: unknown id 0x52 len=253
[53173] PacketRegistry warning: unknown id 0x9a len=244
[53173] PacketRegistry warning: unknown id 0xce len=48
[53173] PacketRegistry warning: unknown id 0x80 len=163
[53173] PacketRegistry warning: unknown id 0x42 len=210
[53173] PacketRegistry warning: unknown id 0x6a len=48
[53173] PacketRegistry warning: unknown id 0xe4 len=136
[53173] PacketRegistry warning: unknown id 0x66 len=46
[53173] PacketRegistry warning: unknown id 0x3d len=114
[53173] PacketRegistry warning: unknown id 0x1f len=171
[53173] PacketRegistry warning: unknown id 0xd6 len=108
[53173] PacketRegistry warning: unknown id 0xe0 len=120
[53173] PacketRegistry warning: unknown id 0x3f len=42
[53173] PacketRegistry warning: unknown id 0x6a len=5
[53173] PacketRegistry warning: unknown id 0xd3 len=227
[53173] PacketRegistry warning: unknown id 0x51 len=78
[53173] PacketRegistry warning: unknown id 0x45 len=174
[53173] PacketRegistry warning: unknown id 0x99 len=228
[53173] PacketRegistry warning: unknown id 0x88 len=144
[53173] PacketRegistry warning: unknown id 0xc5 len=203
[53173] PacketRegistry warning: unknown id 0xb6 len=4
[53173] disconnect (peer 1)
