[*] fake Flax server listening on UDP 127.0.0.1:7777 (tick=0.5s)
[58258] CONNECT connect_id=0xef921f6f
[58258] ConnectionRequest username='LabTester' token_len=0
[58258] Chat #1 len=120 has_sender=1
[58258] Chat #2 len=120 has_sender=1
[58258] Chat #3 len=120 has_sender=1
[58258] Chat #4 len=120 has_sender=1
[58258] Chat #5 len=120 has_sender=1
[58258] Chat #6 len=120 has_sender=1
[58258] Chat #7 len=120 has_sender=1
[58258] Chat #8 len=120 has_sender=1
[58258] Chat #9 len=120 has_sender=1
[58258] Chat #10 len=120 has_sender=1
[58258] Chat #11 len=120 has_sender=1
[58258] Chat #12 len=120 has_sender=1
[58258] Chat #13 len=120 has_sender=1
[58258] Chat #14 len=120 has_sender=1
[58258] Chat #15 len=120 has_sender=1
[58258] Chat #16 len=120 has_sender=1
[58258] Chat #17 len=120 has_sender=1
[58258] Chat #18 len=120 has_sender=1
[58258] Chat #19 len=120 has_sender=1
[58258] Chat #20 len=120 has_sender=1
[58258] disconnect (peer 0)
[49894] CONNECT connect_id=0xa9ef4af3
[49894] ConnectionRequest username='La뵢Tester' token_len=0
[49894] handler error: 'message'
[49894] PacketRegistry warning: unknown id 0x7 len=24
[49894] ConnectionRequest username='L轡bTeste\x81' token_len=0
[49894] Chat #22 len=5 has_sender=0
[49894] PacketRegistry warning: unknown id 0x7 len=89
[49894] handler error: 'username'
[49894] Chat #23 len=0 has_sender=169
[49894] PacketRegistry warning: unknown id 0x7 len=181
[49894] handler error: 'username'
[49894] handler error: 'message'
[49894] PacketRegistry warning: unknown id 0x7 len=180
[49894] handler error: 'username'
[49894] handler error: 'message'
[49894] PacketRegistry warning: unknown id 0x7 len=182
[49894] PacketRegistry warning: unknown id 0x9 len=25
[49894] handler error: 'message'
[49894] PacketRegistry warning: unknown id 0x74 len=180
[49894] handler error: 'username'
[49894] Chat #27 len=5 has_sender=0
[49894] PacketRegistry warning: unknown id 0x7 len=180
[49894] ConnectionRequest username='LabTester' token_len=0
[49894] handler error: 'message'
[49894] PacketRegistry warning: unknown id 0x7 len=180
[49894] ConnectionRequest username='Lab¶estír' token_len=0
[49894] PacketRegistry warning: unknown id 0x56 len=12
[49894] PacketRegistry warning: unknown id 0x7 len=181
[49894] handler error: 'username'
[49894] handler error: 'message'
[49894] PacketRegistry warning: unknown id 0x7 len=182
[49894] handler error: 'username'
[49894] Chat #30 len=5 has_sender=0
[49894] PacketRegistry warning: unknown id 0x7 len=181
[49894] ConnectionRequest username='L慇ßbTeste' token_len=2
[49894] handler error: 'message'
[49894] PacketRegistry warning: unknown id 0xfc len=183
[49894] handler error: 'username'
[49894] PacketRegistry warning: unknown id 0x5 len=12
[49894] PacketRegistry warning: unknown id 0x7 len=181
[49894] handler error: 'username'
[49894] handler error: 'message'
[49894] PacketRegistry warning: unknown id 0x7 len=180
[49894] handler error: 'username'
[49894] Chat #33 len=5 has_sender=0
[49894] PacketRegistry warning: unknown id 0x7 len=180
[49894] handler error: 'username'
[49894] handler error: 'message'
[49894] PacketRegistry warning: unknown id 0x7 len=181
[49894] ConnectionRequest username='Lab랚攀猀琀攀爀' token_len=0
[49894] Chat #35 len=5 has_sender=13
[49894] PacketRegistry warning: unknown id 0x7 len=181
[49894] handler error: 'username'
[49894] PacketRegistry warning: unknown id 0x5 len=3
[49894] PacketRegistry warning: unknown id 0x7 len=182
[49894] ConnectionRequest username='L깡戀吀攀猀琀攀爀' token_len=0
[49894] Chat #36 len=5 has_sender=0
[49894] PacketRegistry warning: unknown id 0x7 len=180
[49894] handler error: 'username'
[49894] PacketRegistry warning: unknown id 0x39 len=15
[49894] PacketRegistry warning: unknown id 0x7 len=184
[49894] disconnect (peer 1)
[49897] CONNECT connect_id=0xf9ac741f
[49897] CONNECT connect_id=0x98c59340
[49897] CONNECT connect_id=0x626ac93d
[49897] CONNECT connect_id=0x2810e708
[49897] CONNECT connect_id=0x22d31e23
[49897] CONNECT connect_id=0xc0b5057a
[49897] CONNECT connect_id=0xab708613
[49897] CONNECT connect_id=0xf7a3acf1
[49897] CONNECT connect_id=0x9a0864
[49897] CONNECT connect_id=0xa27180d7
[49897] CONNECT connect_id=0xcd68345a
[49897] CONNECT connect_id=0xec42afcb
[49897] CONNECT connect_id=0xd8b11111
[49897] CONNECT connect_id=0xfae5d42
[49897] CONNECT connect_id=0x64ee2c7a
[49897] CONNECT connect_id=0x182cb399
[49897] CONNECT connect_id=0xcef26cac
[49897] CONNECT connect_id=0xb172d19d
[49897] CONNECT connect_id=0x3abc1305
[49897] CONNECT connect_id=0x94db0e4c
[49897] CONNECT connect_id=0xd37b67cb
[49897] CONNECT connect_id=0x9d890ca5
[49897] CONNECT connect_id=0x62991b24
[49897] CONNECT connect_id=0x298438c3
[49897] CONNECT connect_id=0x97dda9d5
[49897] CONNECT connect_id=0x74c00f89
[49897] CONNECT connect_id=0xe2b54bd3
[49897] CONNECT connect_id=0xbcf3ff1d
[49897] CONNECT connect_id=0xa0c913e6
[49897] CONNECT connect_id=0x19792f2a
[49897] CONNECT connect_id=0xc6f6df4c
[49897] CONNECT connect_id=0xae43ab4a
[49897] CONNECT connect_id=0xa8a87cd8
[49897] CONNECT connect_id=0x95bc740d
[49897] CONNECT connect_id=0xc0116700
[49897] CONNECT connect_id=0x8a53556
[49897] CONNECT connect_id=0xd85ff37e
[49897] CONNECT connect_id=0xc1708d38
[49897] CONNECT connect_id=0xb498b741
[49897] CONNECT connect_id=0xfeb4faaa
[49897] CONNECT connect_id=0xdc1f62a2
[49897] CONNECT connect_id=0xa6a835a9
[49897] CONNECT connect_id=0x8380d08e
[49897] CONNECT connect_id=0x8970b4e1
[49897] CONNECT connect_id=0xb03c2838
[49897] CONNECT connect_id=0x604aeaae
[49897] CONNECT connect_id=0x387228e4
[49897] CONNECT connect_id=0xf8670fc
[49897] CONNECT connect_id=0x76b3e476
[49897] CONNECT connect_id=0xcf2210e
[49897] CONNECT connect_id=0xc7602395
[49897] CONNECT connect_id=0x9d460106
[49897] CONNECT connect_id=0xa6dddbe1
[49897] CONNECT connect_id=0xaa4087ec
[49897] CONNECT connect_id=0xe2a9a65d
[49897] CONNECT connect_id=0x2588c906
[49897] CONNECT connect_id=0x3f16ed1d
[49897] CONNECT connect_id=0xfccba73d
[49897] CONNECT connect_id=0x5e0a057f
[49897] CONNECT connect_id=0xf45e66ed
[49897] CONNECT connect_id=0x3e565d82
[49897] CONNECT connect_id=0x652bb98f
[49897] CONNECT connect_id=0xdcc86702
[49897] CONNECT connect_id=0xfeb2532a
[49897] CONNECT connect_id=0xbf3f0873
[49897] CONNECT connect_id=0x514f0e12
[49897] CONNECT connect_id=0x6f13d6ae
[49897] CONNECT connect_id=0xbd9cfe70
[49897] CONNECT connect_id=0x7ac85627
[49897] CONNECT connect_id=0x15052490
[49897] CONNECT connect_id=0xc0e7fd84
[49897] CONNECT connect_id=0xfe528f3a
[49897] CONNECT connect_id=0x39fe1522
[49897] CONNECT connect_id=0x937ee206
[49897] CONNECT connect_id=0x87e3be2
[49897] CONNECT connect_id=0x3aaa17c3
[49897] CONNECT connect_id=0x31dd0175
[49897] CONNECT connect_id=0xc986efc6
[49897] CONNECT connect_id=0xae2abce1
[49897] CONNECT connect_id=0x28b45e78
[49897] CONNECT connect_id=0xf2fa69ca
[49897] CONNECT connect_id=0x97e189d
[49897] CONNECT connect_id=0x6a89fdda
[49897] CONNECT connect_id=0xc8a9ea68
[49897] CONNECT connect_id=0x97e411ab
[49897] CONNECT connect_id=0x311f39cd
[49897] CONNECT connect_id=0x293183d5
[49897] CONNECT connect_id=0x94b61183
[49897] CONNECT connect_id=0xe0ab87
[49897] CONNECT connect_id=0x5ecea8b6
[49897] CONNECT connect_id=0x569f5804
[49897] CONNECT connect_id=0xbeaeff2e
[49897] CONNECT connect_id=0x39c09bac
[49897] CONNECT connect_id=0xd916c0dc
[49897] CONNECT connect_id=0x7c970bf
[49897] CONNECT connect_id=0x90a49e75
[49897] CONNECT connect_id=0x25bc2365
[49897] CONNECT connect_id=0xf1cd63db
[49897] CONNECT connect_id=0x5245e181
[49897] CONNECT connect_id=0x3d5fa328
[49897] CONNECT connect_id=0x149eb09d
[49897] CONNECT connect_id=0xa4039636
[49897] CONNECT connect_id=0xa77fe112
[49897] CONNECT connect_id=0xad555b70
[49897] CONNECT connect_id=0x753a700b
[49897] CONNECT connect_id=0xd7c396af
[49897] CONNECT connect_id=0x11b07ff
[49897] CONNECT connect_id=0x4dff6191
[49897] CONNECT connect_id=0x343fab85
[49897] CONNECT connect_id=0xa2b9c4ad
[49897] CONNECT connect_id=0xe18fca5
[49897] CONNECT connect_id=0x9aa3bebf
[49897] CONNECT connect_id=0xa4839d75
[49897] CONNECT connect_id=0xa9ac510b
[49897] CONNECT connect_id=0xf8f3478b
[49897] CONNECT connect_id=0x871ec778
[49897] CONNECT connect_id=0xaf2d93ad
[49897] CONNECT connect_id=0x356140cd
[49897] CONNECT connect_id=0x75203212
[49897] CONNECT connect_id=0xd8448cee
[49897] CONNECT connect_id=0x973c4cf
[49897] CONNECT connect_id=0xaf95c8f
[49897] CONNECT connect_id=0x324da7e1
[49897] CONNECT connect_id=0x9af99987
[49897] CONNECT connect_id=0x7057520a
[49897] CONNECT connect_id=0x2a3f9a96
[49897] CONNECT connect_id=0x920a7255
[49897] CONNECT connect_id=0x86f925c9
[49897] CONNECT connect_id=0x94d931ac
[49897] CONNECT connect_id=0xdc3f1e4c
[49897] CONNECT connect_id=0x29cc3a80
[49897] CONNECT connect_id=0xebc921b5
[49897] CONNECT connect_id=0x572ec8a1
[49897] CONNECT connect_id=0x584d0f54
[49897] CONNECT connect_id=0x9770b31f
[49897] CONNECT connect_id=0x151d99f3
[49897] CONNECT connect_id=0x9061171e
[49897] CONNECT connect_id=0xf89e3ada
[49897] CONNECT connect_id=0x4f0fc117
[49897] CONNECT connect_id=0x9d7729e8
[49897] CONNECT connect_id=0x6d0d6185
[49897] CONNECT connect_id=0x1e5f1c0
[49897] CONNECT connect_id=0xb1155f30
[49897] CONNECT connect_id=0xba7afaaf
[49897] CONNECT connect_id=0x16c6d28d
[49897] CONNECT connect_id=0x7f769eb8
[49897] CONNECT connect_id=0xfb85b073
[49897] CONNECT connect_id=0xcc1afbcf
[49897] CONNECT connect_id=0xad35ae29
[49897] CONNECT connect_id=0x75095021
[49897] CONNECT connect_id=0xe05124f9
[49897] CONNECT connect_id=0x36b2fd03
[49897] CONNECT connect_id=0xd5680d44
[49897] CONNECT connect_id=0x2ad6cedd
[49897] CONNECT connect_id=0x2895085
[49897] CONNECT connect_id=0x86735532
[49897] CONNECT connect_id=0xfbc19fc8
[49897] CONNECT connect_id=0xd54c68ba
[49897] CONNECT connect_id=0xac141e73
[49897] CONNECT connect_id=0xa6dabc2d
[49897] CONNECT connect_id=0x48a93aca
[49897] CONNECT connect_id=0xef1d3479
[49897] CONNECT connect_id=0xea65677c
[49897] CONNECT connect_id=0xa084399d
[49897] CONNECT connect_id=0x3197ba2a
[49897] CONNECT connect_id=0xdca7576b
[49897] CONNECT connect_id=0x8f78b7c4
[49897] CONNECT connect_id=0x1255f74d
[49897] CONNECT connect_id=0x4edbab47
[49897] CONNECT connect_id=0x5c51ecab
[49897] CONNECT connect_id=0x2e55a09b
[49897] CONNECT connect_id=0x8b020732
[49897] CONNECT connect_id=0x7e042f26
[49897] CONNECT connect_id=0x49f4929
[49897] CONNECT connect_id=0xff701ecb
[49897] CONNECT connect_id=0x82faefd2
[49897] CONNECT connect_id=0xc09393ad
[49897] CONNECT connect_id=0xf612a7f7
[49897] CONNECT connect_id=0x64d449e6
[49897] CONNECT connect_id=0xaa532b6d
[49897] CONNECT connect_id=0xdfdf508f
[49897] CONNECT connect_id=0x53b5a51c
[49897] CONNECT connect_id=0xe5f2c8cc
[49897] CONNECT connect_id=0xf7e70e89
[49897] CONNECT connect_id=0x4f33c815
[49897] CONNECT connect_id=0x2efca3ad
[49897] CONNECT connect_id=0x9a98a154
[49897] CONNECT connect_id=0x5d1b49cc
[49897] CONNECT connect_id=0xb16a9b96
[49897] CONNECT connect_id=0x70ea3348
[49897] CONNECT connect_id=0xb5bc0158
[49897] CONNECT connect_id=0x2705d162
[49897] CONNECT connect_id=0x47e196bc
[49897] CONNECT connect_id=0xd3a5a040
[49897] CONNECT connect_id=0x506eb324
[49897] CONNECT connect_id=0x976ef5e8
[49897] CONNECT connect_id=0xea7ff7b
[49897] CONNECT connect_id=0xda30ebff
[49897] CONNECT connect_id=0x564e6f44
[49897] CONNECT connect_id=0x2533ff21
[49897] CONNECT connect_id=0xdd1bb57b
[49897] CONNECT connect_id=0x336cf293
[49897] CONNECT connect_id=0x22dd22f6
[49897] CONNECT connect_id=0x58ecfe07
[49897] CONNECT connect_id=0x73c3fd99
[49897] CONNECT connect_id=0xabd50b2
[49897] CONNECT connect_id=0x41373159
[49897] CONNECT connect_id=0x9c8b3b9d
[49897] CONNECT connect_id=0x7ccd6947
[49897] CONNECT connect_id=0xd4ba27f4
[49897] CONNECT connect_id=0xa31013a6
[49897] CONNECT connect_id=0x87ab79e9
[49897] CONNECT connect_id=0x4aac887b
[49897] CONNECT connect_id=0x5bf00f4d
[49897] CONNECT connect_id=0xbf373b5e
[49897] CONNECT connect_id=0xb390925a
[49897] CONNECT connect_id=0x82db5a0b
[49897] CONNECT connect_id=0xc9548e3b
[49897] CONNECT connect_id=0x4c07a656
[49897] CONNECT connect_id=0x91f7714c
[49897] CONNECT connect_id=0x2d3106bd
[49897] CONNECT connect_id=0x9aab7088
[49897] CONNECT connect_id=0x180d39af
[49897] CONNECT connect_id=0x2560d01d
[49897] CONNECT connect_id=0x86ef5536
[49897] CONNECT connect_id=0x85375e87
[49897] CONNECT connect_id=0xca94007
[49897] CONNECT connect_id=0xcf76aaf9
[49897] CONNECT connect_id=0xd0f94841
[49897] CONNECT connect_id=0x9a6772b7
[49897] CONNECT connect_id=0xaab7064f
[49897] CONNECT connect_id=0x63506c01
[49897] CONNECT connect_id=0xadef2b1a
[49897] CONNECT connect_id=0xba195c62
[49897] CONNECT connect_id=0x1a0a4ebd
[49897] CONNECT connect_id=0x9b742aaa
[49897] CONNECT connect_id=0x21472e6c
[49897] CONNECT connect_id=0x172a3f4f
[49897] CONNECT connect_id=0xb0837ea
[49897] CONNECT connect_id=0x1d7c2e08
[49897] CONNECT connect_id=0xbf55b19d
[49897] CONNECT connect_id=0x23eb948
[49897] CONNECT connect_id=0x33dbbb3
[49897] CONNECT connect_id=0x4905adcf
[49897] CONNECT connect_id=0xc2be4eaf
[49897] CONNECT connect_id=0x311ab7bc
[49897] CONNECT connect_id=0xba96d374
[49897] CONNECT connect_id=0x325ca201
[49897] CONNECT connect_id=0x7cd72052
[49897] CONNECT connect_id=0xa01463ae
[49897] CONNECT connect_id=0x96028beb
[49897] CONNECT connect_id=0xdc5f736e
[49897] CONNECT connect_id=0x55b919c
[49897] CONNECT connect_id=0x95551449
[49897] CONNECT connect_id=0xb443cf87
[49897] CONNECT connect_id=0x4e64e4ee
[49897] CONNECT connect_id=0x7e2ab7cd
[49897] CONNECT connect_id=0xd234e15
[49897] CONNECT connect_id=0x503ef83c
[49897] CONNECT connect_id=0x9978ba4c
[49897] CONNECT connect_id=0xfa504a10
[49897] CONNECT connect_id=0x6f9f8c5c
[49897] CONNECT connect_id=0xfba03885
[49897] CONNECT connect_id=0x358195b
[49897] CONNECT connect_id=0xff79d18a
[49897] CONNECT connect_id=0x49894319
[49897] CONNECT connect_id=0x218430b4
[49897] CONNECT connect_id=0xa1eeaaa7
[49897] CONNECT connect_id=0x51086b45
[49897] CONNECT connect_id=0x925b4d81
[49897] CONNECT connect_id=0x84205e9e
[49897] CONNECT connect_id=0x4acc20c9
[49897] CONNECT connect_id=0x2b6f0deb
[49897] CONNECT connect_id=0x3648fb62
[49897] CONNECT connect_id=0x4500cddc
[49897] CONNECT connect_id=0xf4021955
[49897] CONNECT connect_id=0x10752725
[49897] CONNECT connect_id=0xa552ef7a
[49897] CONNECT connect_id=0x9a324280
[49897] CONNECT connect_id=0x134ec4d1
[49897] CONNECT connect_id=0x919b0449
[49897] CONNECT connect_id=0x956cab4a
[49897] CONNECT connect_id=0x1f7a5b33
[49897] CONNECT connect_id=0xcb514e71
[49897] CONNECT connect_id=0x37629d6c
[49897] CONNECT connect_id=0xd6d77140
[49897] CONNECT connect_id=0x4897f05e
[49897] CONNECT connect_id=0x60239489
[49897] CONNECT connect_id=0x1fdee812
[49897] CONNECT connect_id=0x1f322dfb
[49897] CONNECT connect_id=0x79b94196
[49897] CONNECT connect_id=0x6651dc8d
[49897] CONNECT connect_id=0xd769db15
[49897] CONNECT connect_id=0x84f47dfb
[49897] CONNECT connect_id=0xccb0b66a
[49897] CONNECT connect_id=0x7cc1857c
[49897] CONNECT connect_id=0xd06c83c6
[49897] CONNECT connect_id=0xe1885005
[49897] CONNECT connect_id=0xc6ce14ce
[49897] CONNECT connect_id=0xfab298f7
[49897] CONNECT connect_id=0xc7c857dd
[49897] CONNECT connect_id=0xd7031df4
[49897] CONNECT connect_id=0x42bc4728
[49897] CONNECT connect_id=0xe3628926
[49897] CONNECT connect_id=0x475d112a
[49897] CONNECT connect_id=0x37ef0bdd
[49897] CONNECT connect_id=0xafa72c4b
[49897] CONNECT connect_id=0xe33ee03e
[49897] CONNECT connect_id=0xc3c12fcd
[49897] CONNECT connect_id=0xc7de63
[49897] CONNECT connect_id=0x754ef3c4
[49897] CONNECT connect_id=0xee846c32
[49897] CONNECT connect_id=0x857673a7
[49897] CONNECT connect_id=0x8d400f68
[49897] CONNECT connect_id=0x13da4f1a
[49897] CONNECT connect_id=0x15187ecd
[49897] CONNECT connect_id=0x15fd45d8
[49897] CONNECT connect_id=0x45a5d2dc
[49897] CONNECT connect_id=0xf06b094b
[49897] CONNECT connect_id=0x201b3d39
[49897] CONNECT connect_id=0x39545a70
[49897] CONNECT connect_id=0xb814bb2
[49897] CONNECT connect_id=0xfb9b31a7
[49897] CONNECT connect_id=0x4f505dd0
[49897] CONNECT connect_id=0x8a1c3451
[49897] CONNECT connect_id=0x9ee67a00
[49897] CONNECT connect_id=0xbe85cfa2
[49897] CONNECT connect_id=0x8f598845
[49897] CONNECT connect_id=0x39779ad9
[49897] CONNECT connect_id=0xf23a7997
[49897] CONNECT connect_id=0x2a3e078a
[49897] CONNECT connect_id=0x98dd4105
[49897] CONNECT connect_id=0xf7ee30c9
[49897] CONNECT connect_id=0x761206c8
[49897] CONNECT connect_id=0xa4a0ff63
[49897] CONNECT connect_id=0xd4b31b9c
[49897] CONNECT connect_id=0xe458d57f
[49897] CONNECT connect_id=0xeb70ec15
[49897] CONNECT connect_id=0x940e584f
[49897] CONNECT connect_id=0x9f44a448
[49897] CONNECT connect_id=0x2b427ba4
[49897] CONNECT connect_id=0xb929120a
[49897] CONNECT connect_id=0x29716648
[49897] CONNECT connect_id=0x3ee32506
[49897] CONNECT connect_id=0xae9a42ac
[49897] CONNECT connect_id=0xcbcfe709
[49897] CONNECT connect_id=0xf8f9e966
[49897] CONNECT connect_id=0x49a98789
[49897] CONNECT connect_id=0xaf7fd6e1
[49897] CONNECT connect_id=0xa9a9e565
[49897] CONNECT connect_id=0x84e4169c
[49897] CONNECT connect_id=0xcb81bff9
[49897] CONNECT connect_id=0xeeea9961
[49897] CONNECT connect_id=0x787f651e
[49897] CONNECT connect_id=0x16aaffa2
[49897] CONNECT connect_id=0x44116a81
[49897] CONNECT connect_id=0x90e90b66
[49897] CONNECT connect_id=0x23094a6a
[49897] CONNECT connect_id=0xe2eaf56c
[49897] CONNECT connect_id=0xe9f4f800
[49897] CONNECT connect_id=0xcac738f7
[49897] CONNECT connect_id=0x626aba6d
[49897] CONNECT connect_id=0x8c7e5006
[49897] CONNECT connect_id=0x56058a8b
[49897] CONNECT connect_id=0x5401f240
[49897] CONNECT connect_id=0xeeb7395
[49897] CONNECT connect_id=0x93c1a656
[49897] CONNECT connect_id=0x7632bbe7
[49897] CONNECT connect_id=0xcb7fdb13
[49897] CONNECT connect_id=0x2e8d4ff6
[49897] CONNECT connect_id=0xdbf54b1c
[49897] CONNECT connect_id=0x10598bc9
[49897] CONNECT connect_id=0xda56578a
[49897] CONNECT connect_id=0xf7441fc4
[49897] CONNECT connect_id=0x4251f3d2
[49897] CONNECT connect_id=0xd20b33a7
[49897] CONNECT connect_id=0x4393d6e
[49897] CONNECT connect_id=0xdfa4cb22
[49897] CONNECT connect_id=0xa5dac6ee
[49897] CONNECT connect_id=0x46ddff00
[49897] CONNECT connect_id=0xa8504690
[49897] CONNECT connect_id=0x9bd1f44f
[49897] CONNECT connect_id=0xae73a889
[49897] CONNECT connect_id=0x386eea70
[49897] CONNECT connect_id=0x5f9c37cb
[49897] CONNECT connect_id=0x8260425
[49897] CONNECT connect_id=0x65a2c217
[49897] CONNECT connect_id=0x3eed47bf
[49897] CONNECT connect_id=0xa69cf73c
[49897] CONNECT connect_id=0xf792116a
[49897] CONNECT connect_id=0xadd31dbe
[49897] CONNECT connect_id=0x517e5aa5
[49897] CONNECT connect_id=0xeead8d81
[49897] CONNECT connect_id=0xe7b7070e
[49897] CONNECT connect_id=0x93e42ab8
[49897] CONNECT connect_id=0x2ec3cd4d
[49897] CONNECT connect_id=0x407a2102
[49897] CONNECT connect_id=0x98e148bc
[49897] CONNECT connect_id=0xcab05d12
[49897] CONNECT connect_id=0x692f9ddd
[49897] CONNECT connect_id=0x192f2a62
[49897] CONNECT connect_id=0xdf047e8d
[49897] CONNECT connect_id=0x71f25bee
[49897] CONNECT connect_id=0x2e4d0328
[49897] CONNECT connect_id=0xa20a4557
[49897] CONNECT connect_id=0x23da65ae
[49897] CONNECT connect_id=0x75a7ce70
[49897] CONNECT connect_id=0x175622bc
[49897] CONNECT connect_id=0x743071ef
[49897] CONNECT connect_id=0x3febc745
[49897] CONNECT connect_id=0x21517fcf
[49897] CONNECT connect_id=0xa72f16a
[49897] CONNECT connect_id=0x309ed069
[49897] CONNECT connect_id=0x9313e9c6
[49897] CONNECT connect_id=0x78b4c304
[49897] CONNECT connect_id=0xb7247070
[49897] CONNECT connect_id=0xc97ce68f
[49897] CONNECT connect_id=0x41aea6d1
[49897] CONNECT connect_id=0xab1cbc3a
[49897] CONNECT connect_id=0x92f621a2
[49897] CONNECT connect_id=0x335015c3
[49897] CONNECT connect_id=0x5129e2ef
[49897] CONNECT connect_id=0x47be8f9a
[49897] CONNECT connect_id=0x2f3f7f8e
[49897] CONNECT connect_id=0xa3e1d674
[49897] CONNECT connect_id=0x466c0907
[49897] CONNECT connect_id=0x36039070
[49897] CONNECT connect_id=0xa6eff5ef
[49897] CONNECT connect_id=0x5f5e4e23
[49897] CONNECT connect_id=0x1571c473
[49897] CONNECT connect_id=0x8f12a255
[49897] CONNECT connect_id=0x2038bd51
[49897] CONNECT connect_id=0x1a460925
[49897] CONNECT connect_id=0xb2d89c9c
[49897] CONNECT connect_id=0x1b9d205d
[49897] CONNECT connect_id=0x16fef7f
[49897] CONNECT connect_id=0x590df707
[49897] CONNECT connect_id=0x258b066a
[49897] CONNECT connect_id=0x9a073c52
[49897] CONNECT connect_id=0x3ed95bec
[49897] CONNECT connect_id=0x23411823
[49897] CONNECT connect_id=0x311fcdd2
[49897] CONNECT connect_id=0x86fb0e59
[49897] CONNECT connect_id=0x1809f617
[49897] CONNECT connect_id=0x66cfe584
[49897] CONNECT connect_id=0xd01abca9
[49897] CONNECT connect_id=0x82e49856
[49897] CONNECT connect_id=0x98fc2a80
[49897] CONNECT connect_id=0xb0752482
[49897] CONNECT connect_id=0x2557784
[49897] CONNECT connect_id=0xf032e134
[49897] CONNECT connect_id=0x3a324ace
[49897] CONNECT connect_id=0x83f501a1
[49897] CONNECT connect_id=0x78458bc9
[49897] CONNECT connect_id=0x15d30741
[49897] CONNECT connect_id=0x202c6512
[49897] CONNECT connect_id=0x9ddc984a
[49897] CONNECT connect_id=0xf23b4d5f
[49897] CONNECT connect_id=0x23298c3
[49897] CONNECT connect_id=0x3af6f2e2
[49897] CONNECT connect_id=0xe28aa414
[49897] CONNECT connect_id=0x7e0fb2
[49897] CONNECT connect_id=0x4bd12d04
[49897] CONNECT connect_id=0x869b82f2
[49897] CONNECT connect_id=0xa31c4e2b
[49897] CONNECT connect_id=0x3aa372d0
[49897] CONNECT connect_id=0x67b93aff
[49897] CONNECT connect_id=0x22e533a9
[49897] CONNECT connect_id=0xf6694eac
[49897] CONNECT connect_id=0x462f01aa
[49897] CONNECT connect_id=0xcd02a4ce
[49897] CONNECT connect_id=0xa97cf4ae
[49897] CONNECT connect_id=0x1ba70e92
[49897] CONNECT connect_id=0xb55d9e9f
[49897] CONNECT connect_id=0x7ffc4e95
[49897] CONNECT connect_id=0xecbaeab3
[49897] CONNECT connect_id=0x8409ef04
[49897] CONNECT connect_id=0xe1cca664
[49897] CONNECT connect_id=0xfe644e4d
[49897] CONNECT connect_id=0xd324cf05
[49897] CONNECT connect_id=0x251c56e0
[49897] CONNECT connect_id=0x5e644856
[49897] CONNECT connect_id=0xf2be3fb5
[49897] CONNECT connect_id=0x402944bd
[49897] CONNECT connect_id=0x8175e91f
[49897] CONNECT connect_id=0x4e8772c0
[49897] CONNECT connect_id=0x25d189bd
[49897] CONNECT connect_id=0x3d36c5f7
[49897] CONNECT connect_id=0x452bb0d1
[49897] CONNECT connect_id=0xb213dbc2
[49897] CONNECT connect_id=0x2db2d42a
[49897] CONNECT connect_id=0x16e59a24
[49897] CONNECT connect_id=0x3f8b3049
[49897] CONNECT connect_id=0xc6c81e78
[49897] CONNECT connect_id=0x23aecd5b
[49897] CONNECT connect_id=0x53dd6aec
[49897] CONNECT connect_id=0xb8cbec9a
[49897] CONNECT connect_id=0xc92ff5cf
[49897] CONNECT connect_id=0x86f1a0e
[49897] CONNECT connect_id=0xcc95f093
[49898] CONNECT connect_id=0x2bcb6865
[49898] ConnectionRequest username='LabTester0' token_len=0
[49898] disconnect (peer 502)
[49899] CONNECT connect_id=0x7e284946
[49899] ConnectionRequest username='LabTester1' token_len=0
[49899] disconnect (peer 503)
[49900] CONNECT connect_id=0x63493e1d
[49900] ConnectionRequest username='LabTester2' token_len=0
[49900] disconnect (peer 504)
[49901] CONNECT connect_id=0xc798ddcf
[49901] ConnectionRequest username='LabTester3' token_len=0
[49901] disconnect (peer 505)
[49902] CONNECT connect_id=0xcd66b07
[49902] ConnectionRequest username='LabTester4' token_len=0
[49902] disconnect (peer 506)
[49903] CONNECT connect_id=0x69158879
[49903] ConnectionRequest username='LabTester5' token_len=0
[49903] disconnect (peer 507)
[49904] CONNECT connect_id=0xbd90eae3
[49904] ConnectionRequest username='LabTester6' token_len=0
[49904] disconnect (peer 508)
[49905] CONNECT connect_id=0x10c2a81c
[49905] ConnectionRequest username='LabTester7' token_len=0
[49905] disconnect (peer 509)
[49906] CONNECT connect_id=0xccc4023c
[49906] ConnectionRequest username='LabTester8' token_len=0
[49906] disconnect (peer 510)
[49907] CONNECT connect_id=0x906809be
[49907] ConnectionRequest username='LabTester9' token_len=0
[49907] disconnect (peer 511)
[49908] CONNECT connect_id=0xa9b51530
[49908] ConnectionRequest username='LabTester10' token_len=0
[49908] disconnect (peer 512)
[49909] CONNECT connect_id=0x8883f430
[49909] ConnectionRequest username='LabTester11' token_len=0
[49909] disconnect (peer 513)
[49910] CONNECT connect_id=0xa3066a72
[49910] ConnectionRequest username='LabTester12' token_len=0
[49910] disconnect (peer 514)
[49911] CONNECT connect_id=0xbb3bff09
[49911] ConnectionRequest username='LabTester13' token_len=0
[49911] disconnect (peer 515)
[49912] CONNECT connect_id=0xab560596
[49912] ConnectionRequest username='LabTester14' token_len=0
[49912] disconnect (peer 516)
[49915] CONNECT connect_id=0x75a91177
[49915] ConnectionRequest username='survivor' token_len=0
[49915] disconnect (peer 517)
